master) ✗ chmod 400 udacity-keypair.pem
ssh -i "udacity-keypair.pem" ec2-user@54.158.254.218

The authenticity of host '54.158.254.218 (54.158.254.218)' can't be established.
ED25519 key fingerprint is SHA256:xIlitXpBZlr1x7WGj128lQUrxuwE3SxRuQ3YA9ifpj0.
This host key is known by the following other names/addresses:
    ~/.ssh/known_hosts:1: 52.23.216.149
Are you sure you want to continue connecting (yes/no/[fingerprint])? y
Please type 'yes', 'no' or the fingerprint: yes
Warning: Permanently added '54.158.254.218' (ED25519) to the list of known hosts.
Connection closed by 54.158.254.218 port 22
➜  nd063-c2-design-for-availability-resilience-reliability-replacement-project-starter-template git:(master) ✗ chmod 400 udacity-keypair.pem
ssh -i "udacity-keypair.pem" ec2-user@54.158.254.218

   ,     #_
   ~\_  ####_        Amazon Linux 2023
  ~~  \_#####\
  ~~     \###|
  ~~       \#/ ___   https://aws.amazon.com/linux/amazon-linux-2023
   ~~       V~' '->
    ~~~         /
      ~~._.   _/
         _/ _/
       _/m/'
Last login: Wed Oct  9 11:34:21 2024 from 116.98.1.40
[ec2-user@ip-10-1-10-130 ~]$ sudo yum install mariadb
Last metadata expiration check: 4:31:49 ago on Wed Oct  9 11:28:28 2024.
No match for argument: mariadb
Error: Unable to find a match: mariadb
[ec2-user@ip-10-1-10-130 ~]$ sudo dnf install mariadb105
Last metadata expiration check: 4:32:11 ago on Wed Oct  9 11:28:28 2024.
Dependencies resolved.
=====================================================================================================
 Package                         Arch        Version                          Repository        Size
=====================================================================================================
Installing:
 mariadb105                      x86_64      3:10.5.25-1.amzn2023.0.1         amazonlinux      1.6 M
Installing dependencies:
 mariadb-connector-c             x86_64      3.1.13-1.amzn2023.0.3            amazonlinux      196 k
 mariadb-connector-c-config      noarch      3.1.13-1.amzn2023.0.3            amazonlinux      9.2 k
 mariadb105-common               x86_64      3:10.5.25-1.amzn2023.0.1         amazonlinux       29 k
 perl-Sys-Hostname               x86_64      1.23-477.amzn2023.0.6            amazonlinux       18 k

Transaction Summary
=====================================================================================================
Install  5 Packages

Total download size: 1.8 M
Installed size: 19 M
Is this ok [y/N]: y
Downloading Packages:
(1/5): mariadb-connector-c-3.1.13-1.amzn2023.0.3.x86_64.rpm          3.1 MB/s | 196 kB     00:00    
(2/5): mariadb-connector-c-config-3.1.13-1.amzn2023.0.3.noarch.rpm   144 kB/s | 9.2 kB     00:00    
(3/5): mariadb105-common-10.5.25-1.amzn2023.0.1.x86_64.rpm           928 kB/s |  29 kB     00:00    
(4/5): mariadb105-10.5.25-1.amzn2023.0.1.x86_64.rpm                   15 MB/s | 1.6 MB     00:00    
(5/5): perl-Sys-Hostname-1.23-477.amzn2023.0.6.x86_64.rpm            378 kB/s |  18 kB     00:00    
-----------------------------------------------------------------------------------------------------
Total                                                                 11 MB/s | 1.8 MB     00:00     
Running transaction check
Transaction check succeeded.
Running transaction test
Transaction test succeeded.
Running transaction
  Preparing        :                                                                             1/1 
  Installing       : mariadb-connector-c-config-3.1.13-1.amzn2023.0.3.noarch                     1/5 
  Installing       : mariadb-connector-c-3.1.13-1.amzn2023.0.3.x86_64                            2/5 
  Installing       : mariadb105-common-3:10.5.25-1.amzn2023.0.1.x86_64                           3/5 
  Installing       : perl-Sys-Hostname-1.23-477.amzn2023.0.6.x86_64                              4/5 
  Installing       : mariadb105-3:10.5.25-1.amzn2023.0.1.x86_64                                  5/5 
  Running scriptlet: mariadb105-3:10.5.25-1.amzn2023.0.1.x86_64                                  5/5 
  Verifying        : mariadb-connector-c-3.1.13-1.amzn2023.0.3.x86_64                            1/5 
  Verifying        : mariadb-connector-c-config-3.1.13-1.amzn2023.0.3.noarch                     2/5 
  Verifying        : mariadb105-3:10.5.25-1.amzn2023.0.1.x86_64                                  3/5 
  Verifying        : mariadb105-common-3:10.5.25-1.amzn2023.0.1.x86_64                           4/5 
  Verifying        : perl-Sys-Hostname-1.23-477.amzn2023.0.6.x86_64                              5/5 

Installed:
  mariadb-connector-c-3.1.13-1.amzn2023.0.3.x86_64                                                   
  mariadb-connector-c-config-3.1.13-1.amzn2023.0.3.noarch                                            
  mariadb105-3:10.5.25-1.amzn2023.0.1.x86_64                                                         
  mariadb105-common-3:10.5.25-1.amzn2023.0.1.x86_64                                                  
  perl-Sys-Hostname-1.23-477.amzn2023.0.6.x86_64                                                     

Complete!
[ec2-user@ip-10-1-10-130 ~]$ mysql --version
mysql  Ver 15.1 Distrib 10.5.25-MariaDB, for Linux (x86_64) using  EditLine wrapper
[ec2-user@ip-10-1-10-130 ~]$ sudo dnf instal mysql
No such command: instal. Please use /usr/bin/dnf --help
It could be a DNF plugin command, try: "dnf install 'dnf-command(instal)'"
[ec2-user@ip-10-1-10-130 ~]$ sudo dnf install mysql
Last metadata expiration check: 4:37:07 ago on Wed Oct  9 11:28:28 2024.
No match for argument: mysql
Error: Unable to find a match: mysql
[ec2-user@ip-10-1-10-130 ~]$ mysql -h udacity.chdldilr0wzz.us-east-1.rds.amazonaws.com -P 3306 -u admin -p
Enter password: 
Welcome to the MariaDB monitor.  Commands end with ; or \g.
Your MySQL connection id is 102
Server version: 8.0.35 Source distribution

Copyright (c) 2000, 2018, Oracle, MariaDB Corporation Ab and others.

Type 'help;' or '\h' for help. Type '\c' to clear the current input statement.

MySQL [(none)]> USE udacity;
Database changed
MySQL [udacity]> 
MySQL [udacity]> CREATE TABLE students (
    ->     id INT NOT NULL AUTO_INCREMENT PRIMARY KEY,
    ->     name VARCHAR(100),
    ->     age INT
    -> );
Query OK, 0 rows affected (0.073 sec)

MySQL [udacity]> INSERT INTO students (name, age) VALUES ('John Doe', 22);
Query OK, 1 row affected (0.009 sec)

MySQL [udacity]> INSERT INTO students (name, age) VALUES ('Jane Smith', 24);
Query OK, 1 row affected (0.006 sec)

MySQL [udacity]> SELECT * FROM students;
+----+------------+------+
| id | name       | age  |
+----+------------+------+
|  1 | John Doe   |   22 |
|  2 | Jane Smith |   24 |
+----+------------+------+
2 rows in set (0.002 sec)